Run actions/jekyll-build-pages@v1
/usr/bin/docker run --name ghcrioactionsjekyllbuildpagesv1013_655d93 --label 4920c9 --workdir /github/workspace --rm -e "INPUT_SOURCE" -e "INPUT_DESTINATION" -e "INPUT_FUTURE" -e "INPUT_BUILD_REVISION" -e "INPUT_VERBOSE" -e "INPUT_TOKEN" -e "HOME" -e "GITHUB_JOB" -e "GITHUB_REF" -e "GITHUB_SHA" -e "GITHUB_REPOSITORY" -e "GITHUB_REPOSITORY_OWNER" -e "GITHUB_REPOSITORY_OWNER_ID" -e "GITHUB_RUN_ID" -e "GITHUB_RUN_NUMBER" -e "GITHUB_RETENTION_DAYS" -e "GITHUB_RUN_ATTEMPT" -e "GITHUB_ACTOR_ID" -e "GITHUB_ACTOR" -e "GITHUB_WORKFLOW" -e "GITHUB_HEAD_REF" -e "GITHUB_BASE_REF" -e "GITHUB_EVENT_NAME" -e "GITHUB_SERVER_URL" -e "GITHUB_API_URL" -e "GITHUB_GRAPHQL_URL" -e "GITHUB_REF_NAME" -e "GITHUB_REF_PROTECTED" -e "GITHUB_REF_TYPE" -e "GITHUB_WORKFLOW_REF" -e "GITHUB_WORKFLOW_SHA" -e "GITHUB_REPOSITORY_ID" -e "GITHUB_TRIGGERING_ACTOR" -e "GITHUB_WORKSPACE" -e "GITHUB_ACTION" -e "GITHUB_EVENT_PATH" -e "GITHUB_ACTION_REPOSITORY" -e "GITHUB_ACTION_REF" -e "GITHUB_PATH" -e "GITHUB_ENV" -e "GITHUB_STEP_SUMMARY" -e "GITHUB_STATE" -e "GITHUB_OUTPUT" -e "GITHUB_ARTIFACTS" -e "GITHUB_ARTIFACTS_LIST" -e "RUNNER_OS" -e "RUNNER_ARCH" -e "RUNNER_NAME" -e "RUNNER_ENVIRONMENT" -e "RUNNER_TOOL_CACHE" -e "RUNNER_TEMP" -e "RUNNER_WORKSPACE" -e "ACTIONS_RUNTIME_URL" -e "ACTIONS_RUNTIME_TOKEN" -e "ACTIONS_CACHE_URL" -e "ACTIONS_ID_TOKEN_REQUEST_URL" -e "ACTIONS_ID_TOKEN_REQUEST_TOKEN" -e "ACTIONS_RESULTS_URL" -e "ACTIONS_ORCHESTRATION_ID" -e GITHUB_ACTIONS=true -e CI=true -v "/var/run/docker.sock":"/var/run/docker.sock" -v "/home/runner/work/_temp":"/github/runner_temp" -v "/home/runner/work/_temp/_github_home":"/github/home" -v "/home/runner/work/_temp/_github_workflow":"/github/workflow" -v "/home/runner/work/_temp/_runner_file_commands":"/github/file_commands" -v "/home/runner/work/tthtlc.github.io/tthtlc.github.io":"/github/workspace" ghcr.io/actions/jekyll-build-pages:v1.0.13
Resolving dependencies...
The Gemfile's dependencies are satisfied
To use retry middleware with Faraday v2.0+, install `faraday-retry` gem
  Liquid Exception: Could not locate the included file 'monograph-head.html' in any of ["/github/workspace/_includes", "/tmp/jekyll-remote-theme-20260908-9-1ji62d/_includes"]. Ensure it exists in one of those directories and is not a symlink as those are not allowed in safe mode. in index.html
/usr/local/bundle/gems/jekyll-3.10.0/lib/jekyll/tags/include.rb:121:in `locate_include_file': Could not locate the included file 'monograph-head.html' in any of ["/github/workspace/_includes", "/tmp/jekyll-remote-theme-20260908-9-1ji62d/_includes"]. Ensure it exists in one of those directories and is not a symlink as those are not allowed in safe mode. (IOError)
	from /usr/local/bundle/gems/jekyll-3.10.0/lib/jekyll/tags/include.rb:130:in `render'
	from /usr/local/bundle/gems/liquid-4.0.4/lib/liquid/block_body.rb:103:in `render_node_to_output'
	from /usr/local/bundle/gems/liquid-4.0.4/lib/liquid/block_body.rb:91:in `render'
	from /usr/local/bundle/gems/liquid-4.0.4/lib/liquid/template.rb:206:in `block in render'
	from /usr/local/bundle/gems/liquid-4.0.4/lib/liquid/template.rb:240:in `with_profiling'
	from /usr/local/bundle/gems/liquid-4.0.4/lib/liquid/template.rb:205:in `render'
	from /usr/local/bundle/gems/liquid-4.0.4/lib/liquid/template.rb:218:in `render!'
	from /usr/local/bundle/gems/jekyll-3.10.0/lib/jekyll/liquid_renderer/file.rb:30:in `block (2 levels) in render!'
	from /usr/local/bundle/gems/jekyll-3.10.0/lib/jekyll/liquid_renderer/file.rb:42:in `measure_bytes'
	from /usr/local/bundle/gems/jekyll-3.10.0/lib/jekyll/liquid_renderer/file.rb:29:in `block in render!'
	from /usr/local/bundle/gems/jekyll-3.10.0/lib/jekyll/liquid_renderer/file.rb:49:in `measure_time'
	from /usr/local/bundle/gems/jekyll-3.10.0/lib/jekyll/liquid_renderer/file.rb:28:in `render!'
	from /usr/local/bundle/gems/jekyll-3.10.0/lib/jekyll/renderer.rb:126:in `render_liquid'
	from /usr/local/bundle/gems/jekyll-3.10.0/lib/jekyll/renderer.rb:79:in `render_document'
	from /usr/local/bundle/gems/jekyll-3.10.0/lib/jekyll/renderer.rb:62:in `run'
	from /usr/local/bundle/gems/jekyll-3.10.0/lib/jekyll/site.rb:479:in `render_regenerated'
	from /usr/local/bundle/gems/jekyll-3.10.0/lib/jekyll/site.rb:472:in `block in render_pages'
	from /usr/local/bundle/gems/jekyll-3.10.0/lib/jekyll/site.rb:471:in `each'
	from /usr/local/bundle/gems/jekyll-3.10.0/lib/jekyll/site.rb:471:in `render_pages'
	from /usr/local/bundle/gems/jekyll-3.10.0/lib/jekyll/site.rb:192:in `render'
	from /usr/local/bundle/gems/jekyll-3.10.0/lib/jekyll/site.rb:71:in `process'
	from /usr/local/bundle/gems/jekyll-3.10.0/lib/jekyll/command.rb:28:in `process_site'
	from /usr/local/bundle/gems/jekyll-3.10.0/lib/jekyll/commands/build.rb:65:in `build'
	from /usr/local/bundle/gems/jekyll-3.10.0/lib/jekyll/commands/build.rb:36:in `process'
	from /usr/local/bundle/gems/github-pages-232/bin/github-pages:70:in `block (3 levels) in <top (required)>'
	from /usr/local/bundle/gems/mercenary-0.3.6/lib/mercenary/command.rb:220:in `block in execute'
	from /usr/local/bundle/gems/mercenary-0.3.6/lib/mercenary/command.rb:220:in `each'
	from /usr/local/bundle/gems/mercenary-0.3.6/lib/mercenary/command.rb:220:in `execute'
	from /usr/local/bundle/gems/mercenary-0.3.6/lib/mercenary/program.rb:42:in `go'
	from /usr/local/bundle/gems/mercenary-0.3.6/lib/mercenary.rb:19:in `program'
	from /usr/local/bundle/gems/github-pages-232/bin/github-pages:6:in `<top (required)>'
	from /usr/local/bundle/bin/github-pages:25:in `load'
	from /usr/local/bundle/bin/github-pages:25:in `<main>'
Error:  Logging at level: debug Configuration file: /github/workspace/./_config.yml GitHub Pages: github-pages v232 GitHub Pages: jekyll v3.10.0 Theme: jekyll-theme-primer Theme source: /usr/local/bundle/gems/jekyll-theme-primer-0.6.0 Requiring: jekyll-github-metadata Requiring: jekyll-seo-tag Requiring: jekyll-include-cache Requiring: jekyll-coffeescript Requiring: jekyll-commonmark-ghpages Requiring: jekyll-gist Requiring: jekyll-github-metadata Requiring: jekyll-paginate Requiring: jekyll-relative-links Requiring: jekyll-optional-front-matter Requiring: jekyll-readme-index Requiring: jekyll-default-layout Requiring: jekyll-titles-from-headings Requiring: jekyll-remote-theme GitHub Metadata: Initializing... Source: /github/workspace/. Destination: /github/workspace/./_site Incremental build: disabled. Enable with --incremental Generating... Theme: mmistakes/minimal-mistakes@4.28.1 Theme source: /tmp/jekyll-remote-theme-20260908-9-1ji62d Remote Theme: Using theme mmistakes/minimal-mistakes Remote Theme: Downloading https://codeload.github.com/mmistakes/minimal-mistakes/zip/4.28.1 to /tmp/jekyll-remote-theme-20260908-9-1e46z3.zip Remote Theme: Unzipping /tmp/jekyll-remote-theme-20260908-9-1e46z3.zip to /tmp/jekyll-remote-theme-20260908-9-1ji62d EntryFilter: excluded /Gemfile EntryFilter: excluded /README.md Generating: JekyllOptionalFrontMatter::Generator finished in 0.000536289 seconds. Generating: JekyllReadmeIndex::Generator finished in 0.002890158 seconds. Generating: Jekyll::Paginate::Pagination finished in 5.521e-06 seconds. Generating: JekyllRelativeLinks::Generator finished in 0.004372937 seconds. Generating: JekyllDefaultLayout::Generator finished in 0.00016976 seconds. Generating: JekyllTitlesFromHeadings::Generator finished in 0.000165702 seconds. Rendering: index.html Pre-Render Hooks: index.html Rendering Liquid: index.html github-pages 232 | Error: Could not locate the included file 'monograph-head.html' in any of ["/github/workspace/_includes", "/tmp/jekyll-remote-theme-20260908-9-1ji62d/_includes"]. Ensure it exists in one of those directories and is not a symlink as those are not allowed in safe mode. Remote Theme: Cleaning up /tmp/jekyll-remote-theme-20260908-9-1ji62d 
